// Jest Snapshot v1, https://goo.gl/fbAQLP

exports[`InputText render with snapshot 1`] = `
<DocumentFragment>
  <div
    class="MuiBox-root css-116b8tv"
  >
    <div
      class="MuiFormControl-root MuiTextField-root css-1u3bzj6-MuiFormControl-root-MuiTextField-root"
      data-testid="custom-element"
    >
      <label
        class="MuiInputLabel-root MuiInputLabel-formControl MuiInputLabel-animated MuiInputLabel-shrink MuiInputLabel-standard MuiFormLabel-root MuiFormLabel-colorPrimary css-1c2i806-MuiFormLabel-root-MuiInputLabel-root"
        data-shrink="true"
        for="input-with-icon-textfield"
        id="input-with-icon-textfield-label"
      >
        TextField
      </label>
      <div
        class="MuiInput-root MuiInput-underline MuiInputBase-root MuiInputBase-colorPrimary MuiInputBase-formControl MuiInputBase-adornedStart css-1ptx2yq-MuiInputBase-root-MuiInput-root"
      >
        <div
          class="MuiInputAdornment-root MuiInputAdornment-positionStart MuiInputAdornment-standard MuiInputAdornment-sizeMedium css-ittuaa-MuiInputAdornment-root"
        >
          <span
            class="notranslate"
          >
            â€‹
          </span>
          <svg
            aria-hidden="true"
            class="MuiSvgIcon-root MuiSvgIcon-fontSizeMedium css-i4bv87-MuiSvgIcon-root"
            data-testid="AccountCircleIcon"
            focusable="false"
            viewBox="0 0 24 24"
          >
            <path
              d="M12 2C6.48 2 2 6.48 2 12s4.48 10 10 10 10-4.48 10-10S17.52 2 12 2zm0 3c1.66 0 3 1.34 3 3s-1.34 3-3 3-3-1.34-3-3 1.34-3 3-3zm0 14.2c-2.5 0-4.71-1.28-6-3.22.03-1.99 4-3.08 6-3.08 1.99 0 5.97 1.09 6 3.08-1.29 1.94-3.5 3.22-6 3.22z"
            />
          </svg>
        </div>
        <input
          aria-invalid="false"
          class="MuiInput-input MuiInputBase-input MuiInputBase-inputAdornedStart css-1x51dt5-MuiInputBase-input-MuiInput-input"
          id="input-with-icon-textfield"
          placeholder="write your message"
          type="text"
          value=""
        />
      </div>
    </div>
  </div>
</DocumentFragment>
`;
